// Jest Snapshot v1, https://goo.gl/fbAQLP

exports[`Pruebas sobre <AddCategory /> Valida que el componente coincida con el snapshot 1`] = `
<form
  onSubmit={[Function]}
>
  <p />
  <input
    onChange={[Function]}
    type="text"
    value=""
  />
</form>
`;
